 
****************************************
Report : attribute definition
        -application
Design :
Version: O-2018.06-SP4
Date   : Wed May 27 14:13:24 2020
****************************************

Attributes:
    a - application-defined
    r - read-only
    u - user-defined

Attribute name                               Class      Type       Attributes
--------------------------------------------------------------------------------
INIT                                         cell       string     a
LOC                                          cell       string     a
Mini mesh root                               cell       boolean    a
align_pin_ref_pin                            cell       string     a
align_pin_the_pin                            cell       string     a
aligned_cell                                 cell       string     a
all_boundary_optimization                    cell       boolean    a
all_pin_faults                               cell       integer    a
anchor_bound                                 cell       integer    a
anchor_bound_factor                          cell       byte_array a
anchor_offset_x                              cell       integer    a
anchor_offset_y                              cell       integer    a
ao_is_map_to_n_input                         cell       boolean    a
ao_is_parens                                 cell       boolean    a
aocvm_clock_derate                           cell       boolean    a
aocvm_coefficient                            cell       float      a
architecture                                 cell       string     a
area                                         cell       float      a
area_effort                                  cell       string     a
array_cell_attribute                         cell       integer    a
array_left_bound_attribute                   cell       integer    a
array_master_num_words                       cell       integer    a
array_read_delay                             cell       float      a
array_right_bound_attribute                  cell       integer    a
array_write_delay                            cell       float      a
assume_fully_decoded_busses                  cell       boolean    a
async_force_00                               cell       boolean    a
async_force_01                               cell       boolean    a
async_force_10                               cell       boolean    a
async_force_11                               cell       boolean    a
auto_ungroup                                 cell       string     a
autofix_async                                cell       string     a
autofix_clock                                cell       string     a
autofix_element                              cell       boolean    a
bbox                                         cell       string     a
bbox_ll                                      cell       string     a
bbox_ur                                      cell       string     a
bc_cmp_name                                  cell       string     a
bc_dont_link                                 cell       boolean    a
bc_grouped_cmp_logic                         cell       boolean    a
bc_grouped_index_logic                       cell       boolean    a
bc_new_fsm                                   cell       boolean    a
bc_variable_name                             cell       string     a
behavioral_selector                          cell       boolean    a
bit_width_for_hpower                         cell       integer    a
block_overlap                                cell       boolean    a
blockage_map                                 cell       boolean    a
bound_id                                     cell       integer    a
bound_spot_x                                 cell       integer    a
bound_spot_y                                 cell       integer    a
bound_type                                   cell       integer    a
boundary_optimization                        cell       boolean    a
bounding_box_dim_x1                          cell       integer    a
bounding_box_dim_y1                          cell       integer    a
bs_area_cost                                 cell       float      a
bs_assign_delay                              cell       integer    a
bs_clock_read                                cell       boolean    a
bs_direct_connect                            cell       boolean    a
bs_grouped_cmp_logic_dsg                     cell       boolean    a
bs_grouped_for_scheduling                    cell       boolean    a
bs_grouped_index_logic_dsg                   cell       boolean    a
bs_grouped_random_logic                      cell       boolean    a
bs_is_function_call                          cell       boolean    a
bs_multicycle_n_cycles                       cell       integer    a
bs_scheduling_stages                         cell       integer    a
bs_subprogram_call_name                      cell       string     a
carry_port_name                              cell       string     a
carry_save_dp_register                       cell       boolean    a
cell_created_by_core_wrapper                 cell       integer    a
cell_delay_without_transition                cell       boolean    a
cell_hier_level                              cell       integer    a
cell_is_const_mux                            cell       boolean    a
cell_is_dont_care                            cell       boolean    a
cell_is_multiplexor                          cell       boolean    a
cell_is_ram                                  cell       boolean    a
cell_is_test_only                            cell       boolean    a
cell_loop_breaker                            cell       boolean    a
cell_max_fall_delay                          cell       float      a
cell_max_rise_delay                          cell       float      a
cell_min_fall_delay                          cell       float      a
cell_min_rise_delay                          cell       float      a
cell_mux_from_array_read                     cell       boolean    a
cell_orientation                             cell       integer    a
cell_overlap                                 cell       boolean    a
cell_property                                cell       string     a
cell_ram_type                                cell       integer    a
cell_row_type                                cell       integer    a
cell_with_pin_based_max_tran                 cell       integer    a
cell_xor_type                                cell       integer    a
cgpl_cong_cell_expansion_area                cell       float      a
cgpl_cong_cell_expansion_len_x               cell       float      a
cgpl_cong_cell_expansion_len_y               cell       float      a
cgpl_cong_cell_has_expansion                 cell       boolean    a
cgpl_pseudo_area_00                          cell       float      a
cgpl_pseudo_area_01                          cell       float      a
cgpl_pseudo_area_02                          cell       float      a
cgpl_pseudo_area_03                          cell       float      a
cgpl_pseudo_area_04                          cell       float      a
cgpl_pseudo_area_05                          cell       float      a
cgpl_pseudo_area_06                          cell       float      a
cgpl_pseudo_area_07                          cell       float      a
cgpl_pseudo_area_08                          cell       float      a
cgpl_pseudo_area_09                          cell       float      a
change_status                                cell       integer    a
clock_gate_fanout                            cell       integer    a
clock_gate_gicg_neg_seqmap                   cell       integer    a
clock_gate_gicg_pos_seqmap                   cell       integer    a
clock_gate_has_observation                   cell       boolean    a
clock_gate_has_postcontrol                   cell       boolean    a
clock_gate_has_precontrol                    cell       boolean    a
clock_gate_level                             cell       integer    a
clock_gate_module_fanout                     cell       integer    a
clock_gate_multi_stage_fanout                cell       integer    a
clock_gate_register_fanout                   cell       integer    a
clock_gate_transitive_register_fanout        cell       integer    a
clock_gating_cell_instance                   cell       boolean    a
clock_gating_control_point                   cell       string     a
clock_gating_control_signal                  cell       string     a
clock_gating_depth                           cell       integer    a
clock_gating_integrated_cell                 cell       string     a
clock_gating_integrated_cell_instance        cell       string     a
clock_gating_latch_style                     cell       string     a
clock_gating_logic                           cell       boolean    a
clock_gating_negedge_logic                   cell       string     a
clock_gating_obs_depth                       cell       integer    a
clock_gating_obs_point                       cell       boolean    a
clock_gating_posedge_logic                   cell       string     a
clock_gating_reg_size                        cell       integer    a
clock_st_root_name                           cell       string     a
collar                                       cell       string     a
combinational_type_exact                     cell       string     a
compile_verify                               cell       boolean    a
component_implementation                     cell       string     a
cong_keep_structure                          cell       boolean    a
congestion_map                               cell       boolean    a
congestion_optimization                      cell       boolean    a
congestion_parameters                        cell       boolean    a
const_prop_off                               cell       boolean    a
copy_design_reference_number                 cell       integer    a
core_wrapper_cell_clock                      cell       string     a
core_wrapper_cell_parent                     cell       string     a
core_wrapper_cell_port_type                  cell       string     a
cost_priority                                cell       string     a
cp_is_anchor_cell                            cell       boolean    a
created_by_bsd_compiler                      cell       integer    a
created_by_test_compiler                     cell       string     a
created_during_dft                           cell       boolean    a
critical_range                               cell       float      a
ct_is_snps_added                             cell       boolean    a
cts_cell_drc_seq_freeze                      cell       boolean    a
cts_cell_fix_drc_internal                    cell       boolean    a
cts_cell_is_guide_buffer                     cell       boolean    a
cts_cell_seq_freeze                          cell       boolean    a
cts_cell_source_driver_internal              cell       boolean    a
cts_detour_cell                              cell       boolean    a
cts_di_detour_cell                           cell       boolean    a
cts_dont_size_cell                           cell       boolean    a
cts_dont_touch_subtree_propagate             cell       boolean    a
cts_leaf_icg_split_annotated                 cell       boolean    a
cts_size_only_cell                           cell       boolean    a
dbg_test_attr                                cell       integer    a
dbl_des                                      cell       string     a
dbl_ioord                                    cell       boolean    a
dbl_iord                                     cell       boolean    a
dbl_keep                                     cell       boolean    a
dbl_lint_result                              cell       boolean    a
dbl_oord                                     cell       boolean    a
dbl_ref_dblink_case_insensitive              cell       boolean    a
dbl_ref_hdl_canonical_params                 cell       string     a
dbl_ref_hdl_library                          cell       string     a
dbl_ref_hdl_parameters                       cell       string     a
dbl_ref_hdl_template                         cell       string     a
dbl_type                                     cell       integer    a
dbl_uniquified_ref_name                      cell       string     a
dblink_case_insensitive                      cell       boolean    a
dblink_stuff_copied                          cell       boolean    a
dcfm_information                             cell       integer    a
dct_cell_is_pre_dont_touch                   cell       boolean    a
dct_hier_is_physical_block                   cell       boolean    a
dct_rp_cell_in_keepout_location              cell       integer    a
dct_rp_regbank_cell                          cell       boolean    a
def_property                                 cell       byte_array a
def_source                                   cell       integer    a
def_weight                                   cell       integer    a
default_driving_cell_dont_scale              cell       boolean    a
default_driving_cell_fall                    cell       string     a
default_driving_cell_from_pin_fall           cell       string     a
default_driving_cell_from_pin_rise           cell       string     a
default_driving_cell_library_fall            cell       string     a
default_driving_cell_library_rise            cell       string     a
default_driving_cell_multiplier              cell       float      a
default_driving_cell_no_drc                  cell       boolean    a
default_driving_cell_pin_fall                cell       string     a
default_driving_cell_pin_rise                cell       string     a
default_driving_cell_rise                    cell       string     a
default_fall_drive                           cell       float      a
default_fanout_load                          cell       float      a
default_input_delay                          cell       float      a
default_load                                 cell       float      a
default_min_fall_drive                       cell       float      a
default_min_load                             cell       float      a
default_min_port_wire_capacitance            cell       float      a
default_min_rise_drive                       cell       float      a
default_output_delay                         cell       float      a
default_port_wire_capacitance                cell       float      a
default_rise_drive                           cell       float      a
del_unloaded_gate_off                        cell       boolean    a
desired_flip_flop_clock_phase                cell       boolean    a
desired_latch_gate_phase                     cell       boolean    a
dft_cell_is_pse_flop                         cell       boolean    a
dft_cell_is_size_only                        cell       boolean    a
dft_clock_gate_of_off_chain_register         cell       boolean    a
dft_dont_connect_clock_gate_of_register      cell       boolean    a
dft_exclude_clock_gate                       cell       boolean    a
dft_identical_cell                           cell       integer    a
dft_location_rec_mux                         cell       string     a
dft_only_recognized_clock_gate               cell       boolean    a
dft_special_lockup_type                      cell       integer    a
dft_tmdc_cell_order                          cell       integer    a
disable_clock_gating                         cell       boolean    a
disable_timing                               cell       boolean    a
display_contents                             cell       string     a
dont_duplicate_csa                           cell       boolean    a
dont_extract_dp_across_register              cell       boolean    a
dont_retime                                  cell       boolean    a
dont_split_arithmetic                        cell       boolean    a
dont_touch                                   cell       boolean    a
dont_touch_ref_design                        cell       boolean    a
dont_transform_csa                           cell       boolean    a
dont_uniquify                                cell       boolean    a
dont_use                                     cell       boolean    a
dont_use_for_shift_registers                 cell       boolean    a
dp_cell_is_port_protection_diode             cell       boolean    a
dp_extract_across_registers                  cell       boolean    a
dp_op                                        cell       string     a
dps_dummy_cell                               cell       boolean    a
driven_by_original_register                  cell       boolean    a,r
duplicate_csa                                cell       boolean    a
dw_dg                                        cell       integer    a
dw_map_only                                  cell       boolean    a
dw_oi_ctrl                                   cell       boolean    a
dw_size_only                                 cell       boolean    a
dwgen_int_round                              cell       integer    a
dwgen_round                                  cell       integer    a
dwgen_smartgen_options                       cell       string     a
eco_black_box                                cell       boolean    a
eco_change_link                              cell       boolean    a
eco_disallow_tfo_isom                        cell       boolean    a
eco_dont_recycle                             cell       boolean    a
eco_dont_reuse                               cell       boolean    a
eco_dw_matched                               cell       integer    a
eco_exact_type                               cell       string     a
eco_gate_array_lib                           cell       boolean    a
eco_inst_name                                cell       string     a
eco_new                                      cell       boolean    a
eco_nn_path                                  cell       string     a
eco_obsolete                                 cell       boolean    a
eco_old                                      cell       boolean    a
eco_old_design                               cell       string     a
eco_old_name                                 cell       string     a
eco_old_path                                 cell       string     a
eco_recycled                                 cell       boolean    a
eco_reg_name                                 cell       string     a
eco_spare                                    cell       boolean    a
eco_user_dw                                  cell       boolean    a
edge_channel                                 cell       string     a
eeq_gate_ref                                 cell       string     a
eqop_propagation                             cell       boolean    a
exact_map                                    cell       boolean    a
exact_scan_flip_flop_type                    cell       string     a
ff_edge_sense                                cell       integer    a
ffgen_bank_order                             cell       integer    a
fix_min_paths                                cell       boolean    a
fix_multiple_port_nets                       cell       string     a
flatten                                      cell       boolean    a
flatten_effort                               cell       integer    a
flatten_minimize                             cell       integer    a
flatten_phase                                cell       boolean    a
flip_flop_type_exact                         cell       string     a
flip_flop_type_user_string                   cell       string     a,r
force_carry_save_format                      cell       boolean    a
forced_size_only                             cell       boolean    a
fpga_cell_closed                             cell       boolean    a
fpga_degenerate_print_function               cell       string     a
fpga_parameters                              cell       string     a
fpga_pins_locked                             cell       boolean    a
fpga_xilinx_blkname                          cell       string     a
fpga_xilinx_init_state                       cell       string     a
fpga_xilinx_location                         cell       string     a
full_name                                    cell       string     a
func_data_class                              cell       string     a
func_id                                      cell       string     a
func_module                                  cell       string     a
func_operator                                cell       string     a
func_permutable_inputs                       cell       string     a
func_use_netlist                             cell       string     a
gated_clock_control_high                     cell       boolean    a
gated_clock_control_low                      cell       boolean    a
gated_clock_hold                             cell       float      a
gated_clock_setup                            cell       float      a
gated_fall_clock_hold                        cell       float      a
gated_fall_clock_setup                       cell       float      a
gated_rise_clock_hold                        cell       float      a
gated_rise_clock_setup                       cell       float      a
gen_exact_comparison                         cell       boolean    a
gen_trunc_dont_split                         cell       boolean    a
gensh_complex                                cell       boolean    a
gensh_csa                                    cell       boolean    a
group_bound_height                           cell       float      a
group_bound_width                            cell       float      a
group_eco_region                             cell       boolean    a
group_name                                   cell       string     a
hard_keepout_stretch                         cell       byte_array a
has_async_priority_logic_added               cell       boolean    a
hbo_keep_out_bound_interface                 cell       boolean    a
hcm_cell_activity_factor                     cell       float      a,r
hcm_max_level_rc_delay_cstr                  cell       string     a,r
hcm_max_rc_delay_cstr                        cell       float      a,r
hcm_max_total_level_rc_delay_cstr            cell       string     a,r
hcm_max_total_rc_delay_cstr                  cell       float      a,r
hdl_canonical_default_params                 cell       string     a
hdl_canonical_params                         cell       string     a
hdl_config_name                              cell       string     a
hdl_default_architecture                     cell       string     a
hdl_default_parameters                       cell       string     a
hdl_instance_name                            cell       string     a
hdl_library                                  cell       string     a
hdl_ori_long_name                            cell       string     a
hdl_parameter_types                          cell       string     a
hdl_parameters                               cell       string     a
hdl_port_types                               cell       string     a
hdl_port_width_mismatches                    cell       string     a
hdl_reference                                cell       boolean    a
hdl_template                                 cell       string     a
hdl_template_was_renamed                     cell       boolean    a
hdl_useful_select_op                         cell       boolean    a
height                                       cell       float      a
hidden_reference                             cell       boolean    a
hierarchical_mux_type                        cell       integer    a
hlpo_latch                                   cell       boolean    a
hold_fall_false                              cell       boolean    a
hold_fall_multiplier                         cell       integer    a
hold_fall_start                              cell       boolean    a
hold_rise_false                              cell       boolean    a
hold_rise_multiplier                         cell       integer    a
hold_rise_start                              cell       boolean    a
hpower_clock_gating_latch                    cell       boolean    a
hpower_inv_cg_cell                           cell       boolean    a
ideal_network_spread_attr                    cell       boolean    a
ideal_opt_place_spread_attr                  cell       boolean    a
ignore_cell                                  cell       boolean    a,r
ignore_cell_dont_touch                       cell       boolean    a
ignore_tns                                   cell       boolean    a
ilm_inst_from_dct                            cell       boolean    a,r
implementation                               cell       string     a
in_context                                   cell       boolean    a
in_place_ignore_area                         cell       boolean    a
in_place_size_only                           cell       boolean    a
include_fanin                                cell       string     a,r
include_fanout                               cell       string     a,r
incremental_map                              cell       boolean    a
input_voltage                                cell       float      a
insert_scan                                  cell       boolean    a
int_power                                    cell       float      a
internal_state                               cell       string     a
iob                                          cell       string     a
is_a_generic_seq                             cell       boolean    a
is_a_generic_tristate                        cell       boolean    a
is_aload_mux                                 cell       boolean    a
is_array_master                              cell       boolean    a
is_array_read                                cell       boolean    a
is_array_write                               cell       boolean    a
is_bc_activation                             cell       boolean    a
is_bc_register                               cell       boolean    a
is_black_box                                 cell       boolean    a
is_block_abstraction                         cell       boolean    a
is_bs_port_mux                               cell       boolean    a
is_clock_gate                                cell       boolean    a
is_clock_gated                               cell       boolean    a
is_clock_gating_check                        cell       boolean    a
is_clock_logic_subset_cell                   cell       boolean    a
is_clock_network_cell                        cell       boolean    a
is_combinational                             cell       boolean    a
is_comparison_cell                           cell       boolean    a
is_dirty                                     cell       boolean    a
is_dummy_buffer                              cell       boolean    a
is_dummy_fsm                                 cell       boolean    a
is_dw_subblock                               cell       boolean    a
is_from_dollar_isolate                       cell       boolean    a
is_function_operation                        cell       boolean    a
is_gicg                                      cell       boolean    a
is_hard_macro                                cell       boolean    a
is_hierarchical                              cell       boolean    a
is_icg                                       cell       boolean    a
is_ilm_core                                  cell       boolean    a
is_ilm_side_load                             cell       boolean    a
is_ilm_subdesign                             cell       boolean    a
is_interface_logic                           cell       boolean    a
is_interface_logic_locked                    cell       boolean    a
is_interface_placement_locked                cell       boolean    a
is_isolated_operator                         cell       boolean    a
is_isolation_cell                            cell       boolean    a
is_latch_based_clock_gate                    cell       boolean    a
is_latch_free_clock_gate                     cell       boolean    a
is_level_shifter                             cell       boolean    a
is_logical_black_box                         cell       boolean    a
is_loop_operation                            cell       boolean    a
is_mapped                                    cell       boolean    a
is_memory_master                             cell       boolean    a
is_memory_oper                               cell       boolean    a
is_memory_read                               cell       boolean    a
is_memory_write                              cell       boolean    a
is_module                                    cell       boolean    a
is_multibit_cell                             cell       boolean    a
is_negative_edge_clock_gate                  cell       boolean    a
is_nested_phys_hier_root                     cell       boolean    a
is_oper                                      cell       boolean    a
is_operand_isolator                          cell       boolean    a
is_physical_black_box                        cell       boolean    a
is_physical_only                             cell       boolean    a
is_positive_edge_clock_gate                  cell       boolean    a
is_read_activation                           cell       boolean    a
is_read_operation                            cell       boolean    a
is_retention_cell                            cell       boolean    a
is_retention_latch                           cell       boolean    a
is_retention_register                        cell       boolean    a
is_rp_group_cell                             cell       boolean    a
is_seq_function_operation                    cell       boolean    a
is_sequential                                cell       boolean    a
is_signal_probe                              cell       boolean    a
is_soi                                       cell       boolean    a
is_spare_cell                                cell       boolean    a
is_synlib_module                             cell       boolean    a
is_synlib_operator                           cell       boolean    a
is_test_circuitry                            cell       boolean    a
is_unmapped                                  cell       boolean    a
is_upf_retention                             cell       boolean    a,r
is_var_assgn                                 cell       boolean    a
is_write_activation                          cell       boolean    a
is_write_operation                           cell       boolean    a
latch_type                                   cell       string     a,r
latch_type_exact                             cell       string     a,r
latch_type_user_string                       cell       string     a,r
leak_power                                   cell       float      a
legal_orientations                           cell       integer    a
levshi_dont_touch                            cell       boolean    a,r
levshi_map_levshi_attr                       cell       string     a,r
lib_cell_list                                cell       string     a
line_number                                  cell       integer    a
local_optz_off                               cell       boolean    a
lockup_cell_to_segment_attr                  cell       string     a
logdb_gen                                    cell       boolean    a
logical_cell_from_def                        cell       boolean    a
lookup_flag                                  cell       boolean    a
make_unique                                  cell       boolean    a
manual_impl                                  cell       string     a
manual_proc                                  cell       string     a
map                                          cell       boolean    a
map_effort                                   cell       boolean    a
map_effort_option                            cell       boolean    a
map_fix_map_paths                            cell       boolean    a
map_for_congestion                           cell       integer    a
map_incremental                              cell       boolean    a
map_only                                     cell       boolean    a
map_to_mux                                   cell       boolean    a
map_to_select                                cell       boolean    a
mask_layout_type                             cell       string     a
master_name                                  cell       string     a
mater_label                                  cell       string     a
max_cell_delay_fall                          cell       float      a
max_cell_rc_delay                            cell       float      a
max_fall_delay                               cell       float      a
max_noise_slack_range                        cell       float      a
max_rise_delay                               cell       float      a
max_time_borrow                              cell       float      a
max_toggle_rate                              cell       float      a
max_tr_related_clock                         cell       string     a
member_order                                 cell       integer    a
memory_addr_ext_input_delay                  cell       float      a
memory_addr_input_delay                      cell       float      a
memory_input_delay                           cell       float      a
memory_input_ext_delay                       cell       float      a
memory_module                                cell       string     a
memory_name                                  cell       string     a
memory_oper_is_read                          cell       boolean    a
memory_output_delay                          cell       float      a
memory_output_ext_delay                      cell       float      a
memory_parameters                            cell       string     a
min_cell_delay_fall                          cell       float      a
min_cell_delay_rise                          cell       float      a
min_fall_delay                               cell       float      a
min_noise_slack_range                        cell       float      a
min_pipeline_stages                          cell       integer    a
min_rise_delay                               cell       float      a
ms_asynch_control                            cell       string     a
multicycle_op_name                           cell       string     a
multiple_drivers_legal                       cell       boolean    a
mux_be_merged                                cell       boolean    a
mux_gen                                      cell       boolean    a
mux_no_boundary_opt                          cell       boolean    a
mux_op_ungroup                               cell       boolean    a
mwid_of_cell                                 cell       integer    a
name                                         cell       string     a
negative_logic_methodology                   cell       boolean    a
no_design_rule                               cell       boolean    a
no_group_reg                                 cell       boolean    a
no_map                                       cell       boolean    a
normal_cell_used_as_isolation                cell       boolean    a,r
not_on_row                                   cell       boolean    a
obj_value_assertion                          cell       string     a
object_class                                 cell       string     a
object_is_scan_domain_crossing               cell       string     a
odl_cell_is_size_only                        cell       boolean    a
odl_cell_marked                              cell       boolean    a
ok_for_isolation                             cell       boolean    a
only_design_rule                             cell       boolean    a
only_hold_time                               cell       boolean    a
operand_isolation_logic                      cell       boolean    a
operand_isolation_style                      cell       string     a
opt_ungroup_ref_design                       cell       boolean    a
optimization_stage                           cell       string     a,r
opto_stage                                   cell       integer    a
orientation_viol                             cell       boolean    a
output_phase_inverted                        cell       boolean    a
output_phase_inverted_delta                  cell       boolean    a
param                                        cell       boolean    a
pdft_cell_is_scan_cell                       cell       boolean    a
phys_id                                      cell       integer    a
physical_cell_height                         cell       integer    a
physical_cell_width                          cell       integer    a
pin_number                                   cell       integer    a
pipeline_stages                              cell       integer    a
place_in_x1                                  cell       integer    a
place_in_x2                                  cell       integer    a
place_in_y1                                  cell       integer    a
place_in_y2                                  cell       integer    a
pmf_ref_lib_name                             cell       string     a
pmf_ref_name                                 cell       string     a
port_created_by_core_wrapper                 cell       string     a
port_group_info                              cell       byte_array a
port_layer_name                              cell       string     a
pow_strap_viol                               cell       boolean    a
power_down                                   cell       boolean    a
power_gating_style                           cell       string     a,r
power_group_flags                            cell       integer    a
power_retention_cg                           cell       string     a
power_sg_gating_bank                         cell       integer    a
power_syth_rep                               cell       boolean    a
ppl_areset_polarity                          cell       string     a
ppl_areset_port                              cell       string     a
ppl_clock_polarity                           cell       string     a
ppl_clock_port                               cell       string     a
ppl_pipestall_polarity                       cell       string     a
ppl_pipestall_port                           cell       string     a
ppl_sreset_polarity                          cell       string     a
ppl_sreset_port                              cell       string     a
ppl_stages                                   cell       integer    a
preserve_hierarchy                           cell       boolean    a
presto_cell_ram_map                          cell       boolean    a
presto_gtech_count                           cell       integer    a
proprietor                                   cell       string     a
psnmp_flags                                  cell       integer    a
psnmp_oname                                  cell       string     a
psnmp_snames                                 cell       string     a
pwr_cg_cell_is_replaced_integrated           cell       boolean    a
pwr_cg_cell_user_group_count                 cell       integer    a
pwr_cg_cell_user_group_is_unique             cell       boolean    a
pwr_cg_cg_register_user_group                cell       integer    a
pwr_cg_clk_edge_conflict                     cell       integer    a
pwr_cg_clk_enable                            cell       boolean    a
pwr_cg_count_for_register                    cell       integer    a
pwr_cg_ctrl_cond                             cell       boolean    a
pwr_cg_design_edge_type                      cell       boolean    a
pwr_cg_design_has_ungrouped_cells            cell       integer    a
pwr_cg_dont_rebalance                        cell       boolean    a
pwr_cg_dont_use                              cell       boolean    a
pwr_cg_gate_func                             cell       integer    a
pwr_cg_gated_cell_name                       cell       string     a
pwr_cg_gating_group                          cell       integer    a
pwr_cg_gating_sub_group                      cell       integer    a
pwr_cg_in_ex_cell                            cell       boolean    a
pwr_cg_in_ex_reg                             cell       boolean    a
pwr_cg_inc_exc_reg                           cell       string     a
pwr_cg_inclusion_criteria                    cell       integer    a
pwr_cg_inclusion_criteria_pass1_spread       cell       boolean    a
pwr_cg_is_replaced                           cell       boolean    a
pwr_cg_max_fanout                            cell       integer    a
pwr_cg_min_width                             cell       integer    a
pwr_cg_non_gating_group                      cell       integer    a
pwr_cg_preservation_type                     cell       string     a
pwr_cg_remove_clock_gating_type              cell       integer    a
pwr_cg_rewire_new_cell                       cell       string     a
pwr_cg_rewire_new_sub_group                  cell       integer    a
pwr_cg_rewire_target_count                   cell       integer    a
pwr_cg_seqcg_type                            cell       integer    a
pwr_preserve_cg                              cell       boolean    a
pwr_sg_inclusion_criteria                    cell       integer    a
read_port_name                               cell       string     a
read_sched_step                              cell       integer    a
rectilinear_movebound                        cell       byte_array a
redundancy_removal                           cell       boolean    a
ref_dont_touch                               cell       boolean    a
ref_is_unlinkable                            cell       boolean    a
ref_name                                     cell       string     a
reg_group_name                               cell       string     a
region_area                                  cell       float      a
region_bbox_llx                              cell       integer    a
region_bbox_lly                              cell       integer    a
region_bbox_urx                              cell       integer    a
region_bbox_ury                              cell       integer    a
region_name                                  cell       string     a
region_utilization                           cell       float      a
register_list                                cell       string     a
register_max_fanout                          cell       float      a
register_merging                             cell       integer    a,r
register_phase_inversion                     cell       integer    a,r
register_replication                         cell       integer    a,r
register_uninitialized_value                 cell       integer    a,r
relative_location                            cell       string     a
remove_multibit                              cell       boolean    a
repeater_size_only                           cell       integer    a,r
restrictions                                 cell       integer    a
resyn_off                                    cell       boolean    a
retention_restore_net                        cell       string     a
retention_restore_sense                      cell       integer    a
retention_save_net                           cell       string     a
retention_save_sense                         cell       integer    a
retention_style                              cell       string     a
retiming_backward_bound                      cell       integer    a
retiming_flop                                cell       boolean    a
retiming_flop_hold_begin                     cell       boolean    a
retiming_flop_hold_end                       cell       boolean    a
retiming_forward_bound                       cell       integer    a
retn_dont_touch                              cell       boolean    a,r
roi_cell_sig                                 cell       string     a
roi_dg_flags                                 cell       integer    a
roi_dg_retime_clk_period                     cell       float      a
roi_do_datapath_gating                       cell       integer    a
roi_do_operand_isolation                     cell       boolean    a
roi_dont_isolate_operands                    cell       boolean    a
roi_gating_style                             cell       integer    a
roi_isolate_operands                         cell       boolean    a
roi_isolation_gain                           cell       float      a
roi_isolation_style                          cell       integer    a
roi_num_gated_ops                            cell       integer    a
roi_num_ungated_ops                          cell       integer    a
rp_index                                     cell       byte_array a
rp_orientation                               cell       byte_array a
rp_override_pin_align_name                   cell       byte_array a
rtldrc_hdl_src_line                          cell       integer    a
scan                                         cell       boolean    a
scan_chain                                   cell       integer    a
scan_element                                 cell       boolean    a
scan_end_of_chain_lockup                     cell       boolean    a
scan_exclude                                 cell       boolean    a
scan_flip_flop_type                          cell       string     a
scan_flip_flop_type_exact                    cell       boolean    a
scan_latch_transparent                       cell       boolean    a
scan_lockup                                  cell       boolean    a
scan_transparent                             cell       boolean    a
scan_user                                    cell       boolean    a
scanned_by_test_compiler                     cell       boolean    a
second_autofix_async                         cell       string     a
selector_zero_care                           cell       boolean    a
seq_cell_created_by_dft                      cell       integer    a
seqgen_boundary                              cell       boolean    a
seqgen_type                                  cell       string     a
seqmap_cell_sync_reset                       cell       integer    a,r
seqmap_cell_sync_set                         cell       integer    a,r
seqmap_free                                  cell       boolean    a
sequential_func                              cell       string     a
sequential_oper                              cell       string     a
sequential_oper_name                         cell       string     a
set_cell_dont_touch                          cell       boolean    a
set_cell_fixed_dont_touch                    cell       boolean    a
set_dft_signal                               cell       integer    a
setup_fall_false                             cell       boolean    a
setup_fall_multiplier                        cell       integer    a
setup_fall_start                             cell       boolean    a
setup_rise_false                             cell       boolean    a
setup_rise_multiplier                        cell       integer    a
setup_rise_start                             cell       boolean    a
shared_memory_ports                          cell       string     a
shift_register_flop                          cell       boolean    a
shift_register_head                          cell       boolean    a
si_total_coupling_capacitance                cell       float      a
si_total_effective_driver_strength           cell       float      a
signal_memory_type                           cell       boolean    a
signal_type                                  cell       string     a
simv_tmax_cell_id                            cell       integer    a
site_viol                                    cell       boolean    a
skip_vao_hierarchy                           cell       boolean    a
slave_label                                  cell       string     a
slave_name                                   cell       string     a
sm_area_buf                                  cell       integer    a
sm_area_sizeup                               cell       float      a
sm_drc_cap_buf                               cell       integer    a
sm_drc_cap_sizeup                            cell       float      a
sm_drc_cap_tried                             cell       integer    a
sm_drc_fo_buf                                cell       integer    a
sm_drc_fo_sizeup                             cell       float      a
sm_drc_fo_tried                              cell       integer    a
sm_drc_tran_buf                              cell       integer    a
sm_drc_tran_sizeup                           cell       float      a
sm_drc_tran_tried                            cell       integer    a
sm_drc_tried                                 cell       integer    a
sm_net_len_buf                               cell       integer    a
sm_net_len_sizeup                            cell       float      a
sm_net_len_tried                             cell       integer    a
sm_other_buf                                 cell       integer    a
sm_other_sizeup                              cell       float      a
sm_other_tried                               cell       integer    a
sm_power_tried                               cell       integer    a
sm_timing_buf                                cell       integer    a
sm_timing_sizeup                             cell       float      a
sm_timing_tried                              cell       integer    a
snap_edge                                    cell       string     a
soft_keepout_stretch                         cell       byte_array a
spacing_rule_violator                        cell       boolean    a
split_arithmetic                             cell       boolean    a
split_size_only                              cell       boolean    a,r
state_for_retiming                           cell       integer    a
structure                                    cell       boolean    a
structure_boolean                            cell       boolean    a
structure_timing                             cell       boolean    a
syncff_first                                 cell       boolean    a
syncff_first_n                               cell       boolean    a
syncff_last                                  cell       boolean    a
syncff_middle                                cell       boolean    a
synchronization_element                      cell       boolean    a
tainted_netlist_element                      cell       string     a
tainted_netlist_report                       cell       integer    a
target_protected_function_class              cell       string     a
tdep_propagate                               cell       boolean    a
test_cell_for_donut_netlist                  cell       string     a
test_cell_tip_type                           cell       string     a
test_dft_cell_is_size_only                   cell       boolean    a
test_dft_cell_is_skew_group                  cell       boolean    a
test_dft_sas_dcc_attr                        cell       boolean    a
test_dft_sdef_attr                           cell       boolean    a
test_dft_sdef_cell_count_attr                cell       integer    a
test_dft_xcell_violation                     cell       boolean    a
test_dft_xdcell_violation                    cell       boolean    a
test_dont_fault                              cell       integer    a
test_pipeline                                cell       boolean    a
test_port_clock_gating                       cell       boolean    a
test_routing_position                        cell       integer    a
test_scan_def_capture_time                   cell       integer    a
test_scan_def_cell_bits                      cell       integer    a
test_scan_def_cell_pin                       cell       integer    a
test_scan_def_chain_capture_name             cell       string     a
test_scan_def_chain_launch_name              cell       string     a
test_scan_def_chain_name                     cell       integer    a
test_scan_def_chain_partition                cell       string     a
test_scan_def_chain_port                     cell       integer    a
test_scan_def_expand                         cell       boolean    a
test_scan_def_file_compressed_size           cell       integer    a
test_scan_def_file_data                      cell       string     a
test_scan_def_file_uncompressed_size         cell       integer    a
test_scan_def_launch_time                    cell       integer    a
test_scan_group_selection_gate               cell       boolean    a
test_scan_q_gating_cell                      cell       boolean    a
test_scan_suppress_toggling                  cell       boolean    a
test_sccomp_buffer                           cell       boolean    a
test_sccomp_pwr_gate                         cell       boolean    a
test_unconnected_test_pin_on_cg_cell         cell       string     a
testability_element                          cell       boolean    a
testdb_autofix_cell_is_dont_touch            cell       boolean    a
testdb_cells_not_uniquified                  cell       string     a
testdb_test_cell_violated                    cell       boolean    a
testdb_test_model_loading_attribut           cell       boolean    a
testdb_violated_segments_of_cell             cell       string     a
tim_derate_clk_cell_check_max_early          cell       float      a
tim_derate_clk_cell_check_max_late           cell       float      a
tim_derate_clk_cell_check_min_early          cell       float      a
tim_derate_clk_cell_check_min_late           cell       float      a
tim_derate_clk_cell_delay_max_early          cell       float      a
tim_derate_clk_cell_delay_max_late           cell       float      a
tim_derate_clk_cell_delay_min_early          cell       float      a
tim_derate_clk_cell_delay_min_late           cell       float      a
tim_derate_data_cell_check_max_early         cell       float      a
tim_derate_data_cell_check_max_late          cell       float      a
tim_derate_data_cell_check_min_early         cell       float      a
tim_derate_data_cell_check_min_late          cell       float      a
tim_derate_data_cell_delay_max_early         cell       float      a
tim_derate_data_cell_delay_max_late          cell       float      a
tim_derate_data_cell_delay_min_early         cell       float      a
tim_derate_data_cell_delay_min_late          cell       float      a
tim_derate_exist                             cell       boolean    a
tio_restrictions_reason                      cell       integer    a
transform_csa                                cell       boolean    a
transform_for_retiming                       cell       integer    a
translate                                    cell       boolean    a
trc_src_sub                                  cell       string     a
tri_control_reg                              cell       boolean    a
tv_dont_touch                                cell       integer    a
udpe_flags                                   cell       integer    a
ungroup                                      cell       boolean    a
ungroup_all                                  cell       boolean    a
ungroup_all_option                           cell       boolean    a
uniquify_all                                 cell       boolean    a
upf_cell_on_clock_path                       cell       boolean    a,r
upf_dw_lib_cells                             cell       string     a,r
upf_dw_ret_so_attr                           cell       boolean    a,r
upf_dw_retention_strategy                    cell       string     a,r
upf_dw_retention_type                        cell       string     a,r
upf_input_isolation_name_attr                cell       string     a
upf_isolation_name_attr                      cell       string     a,r
upf_isolation_pd_name_attr                   cell       string     a,r
upf_lib_cells                                cell       string     a,r
upf_map_iso_attr                             cell       string     a,r
upf_no_ungroup                               cell       boolean    a
upf_output_isolation_name_attr               cell       string     a
upf_retention_clamp                          cell       string     a,r
upf_retention_pd_name                        cell       string     a,r
upf_retention_strategy                       cell       string     a,r
upf_retention_type                           cell       string     a,r
use_default_vhdl_generics_in_comp            cell       boolean    a
used_in_normal_op                            cell       boolean    a
valprop_keep_netlink_cell                    cell       boolean    a
vao_created                                  cell       boolean    a,r
variable_name                                cell       string     a
verification_priority                        cell       string     a
vhdl_changed_name                            cell       string     a,r
vhdlin_ref                                   cell       boolean    a
vo_changed_name                              cell       string     a
width                                        cell       float      a
within_block_abstraction                     cell       boolean    a
write_port_name                              cell       string     a
write_sched_step                             cell       integer    a
x2000_clb_base                               cell       integer    a
x2000_clb_k                                  cell       integer    a
x2000_clb_k_phase                            cell       integer    a
x2000_clb_q                                  cell       boolean    a
x2000_clb_reset                              cell       integer    a
x2000_clb_set                                cell       integer    a
x2000_clb_x                                  cell       integer    a
x2000_clb_y                                  cell       integer    a
x2000_iob_i                                  cell       boolean    a
x2000_iob_ts                                 cell       boolean    a
x3000_clb_base                               cell       integer    a
x3000_clb_dx                                 cell       integer    a
x3000_clb_dy                                 cell       integer    a
x3000_clb_ec                                 cell       boolean    a
x3000_clb_k                                  cell       boolean    a
x3000_clb_qx_name                            cell       string     a
x3000_clb_qy_name                            cell       string     a
x3000_clb_rd                                 cell       boolean    a
x3000_clb_x                                  cell       integer    a
x3000_clb_y                                  cell       integer    a
x3000_iob_ik                                 cell       boolean    a
x3000_iob_in                                 cell       boolean    a
x3000_iob_inreg                              cell       integer    a
x3000_iob_inreg_name                         cell       string     a
x3000_iob_ok                                 cell       boolean    a
x3000_iob_out                                cell       boolean    a
x3000_iob_out_phase                          cell       boolean    a
x3000_iob_outff                              cell       boolean    a
x3000_iob_outreg_name                        cell       string     a
x3000_iob_pullup                             cell       boolean    a
x3000_iob_slew                               cell       boolean    a
x3000_iob_tri_en_phase                       cell       boolean    a
x3000_iob_tristate                           cell       boolean    a
xnf_blknm                                    cell       string     a
xnf_init                                     cell       string     a
xnf_loc                                      cell       string     a
xnf_map                                      cell       string     a
--------------------------------------------------------------------------------
1
